// Jest Snapshot v1, https://goo.gl/fbAQLP

exports[`renders unchanged 1`] = `
<div>
  <footer
    class="MuiBox-root css-y1gt6f"
  >
    <p
      class="MuiTypography-root MuiTypography-body1 css-ahj2mt-MuiTypography-root"
    >
      Made with ❤️ by
       
      <a
        class="MuiTypography-root MuiTypography-inherit MuiLink-root MuiLink-underlineAlways css-1cghntr-MuiTypography-root-MuiLink-root"
        href="https://github.com/dadwic"
        rel="noopener noreferrer"
        target="_blank"
      >
        @dadwic
      </a>
    </p>
    <p
      class="MuiTypography-root MuiTypography-body2 css-r40f8v-MuiTypography-root"
    >
      Copyright © 2022
    </p>
  </footer>
</div>
`;
